#-----------------------------------------------------------
# Webtalk v2017.2 (64-bit)
# SW Build 1909853 on Thu Jun 15 18:39:09 MDT 2017
# IP Build 1909766 on Thu Jun 15 19:58:00 MDT 2017
# Start of session at: Sun Apr 29 15:23:01 2018
# Process ID: 3124
# Current directory: C:/Users/Peti/Documents/VIK_MSc/rendszer/rendszer_hf/rendszer/spi_master/spi_master.sim/sim_1/behav
# Command line: wbtcv.exe -mode batch -source C:/Users/Peti/Documents/VIK_MSc/rendszer/rendszer_hf/rendszer/spi_master/spi_master.sim/sim_1/behav/xsim.dir/EEPROM_SPI_TB_behav/webtalk/xsim_webtalk.tcl -notrace
# Log file: C:/Users/Peti/Documents/VIK_MSc/rendszer/rendszer_hf/rendszer/spi_master/spi_master.sim/sim_1/behav/webtalk.log
# Journal file: C:/Users/Peti/Documents/VIK_MSc/rendszer/rendszer_hf/rendszer/spi_master/spi_master.sim/sim_1/behav\webtalk.jou
#-----------------------------------------------------------
source C:/Users/Peti/Documents/VIK_MSc/rendszer/rendszer_hf/rendszer/spi_master/spi_master.sim/sim_1/behav/xsim.dir/EEPROM_SPI_TB_behav/webtalk/xsim_webtalk.tcl -notrace
